[    0.000000] Linux version 4.15.0-76-generic (buildd@lcy01-amd64-029) (gcc version 7.4.0 (Ubuntu 7.4.0-1ubuntu1~18.04.1)) #86-Ubuntu SMP Fri Jan 17 17:24:28 UTC 2020 (Ubuntu 4.15.0-76.86-generic 4.15.18)
[    0.000000] Command line: BOOT_IMAGE=/boot/vmlinuz-4.15.0-76-generic root=UUID=3908abf1-f4fb-47fa-ac39-df5c026ef103 ro console=tty1 console=ttyS0
[    0.000000] KERNEL supported cpus:
[    0.000000]   Intel GenuineIntel
[    0.000000]   AMD AuthenticAMD
[    0.000000]   Centaur CentaurHauls
[    0.000000] x86/fpu: Supporting XSAVE feature 0x001: 'x87 floating point registers'
[    0.000000] x86/fpu: Supporting XSAVE feature 0x002: 'SSE registers'
[    0.000000] x86/fpu: Supporting XSAVE feature 0x004: 'AVX registers'
[    0.000000] x86/fpu: xstate_offset[2]:  576, xstate_sizes[2]:  256
[    0.000000] x86/fpu: Enabled xstate features 0x7, context size is 832 bytes, using 'standard' format.
[    0.000000] e820: BIOS-provided physical RAM map:
[    0.000000] BIOS-e820: [mem 0x0000000000000000-0x000000000009fbff] usable
[    0.000000] BIOS-e820: [mem 0x000000000009fc00-0x000000000009ffff] reserved
[    0.000000] BIOS-e820: [mem 0x00000000000f0000-0x00000000000fffff] reserved
[    0.000000] BIOS-e820: [mem 0x0000000000100000-0x000000003ffeffff] usable
[    0.000000] BIOS-e820: [mem 0x000000003fff0000-0x000000003fffffff] ACPI data
[    0.000000] BIOS-e820: [mem 0x00000000fec00000-0x00000000fec00fff] reserved
[    0.000000] BIOS-e820: [mem 0x00000000fee00000-0x00000000fee00fff] reserved
[    0.000000] BIOS-e820: [mem 0x00000000fffc0000-0x00000000ffffffff] reserved
[    0.000000] NX (Execute Disable) protection: active
[    0.000000] SMBIOS 2.5 present.
[    0.000000] DMI: innotek GmbH VirtualBox/VirtualBox, BIOS VirtualBox 12/01/2006
[    0.000000] Hypervisor detected: KVM
[    0.000000] e820: last_pfn = 0x3fff0 max_arch_pfn = 0x400000000
[    0.000000] MTRR: Disabled
[    0.000000] x86/PAT: MTRRs disabled, skipping PAT initialization too.
[    0.000000] CPU MTRRs all blank - virtualized system.
[    0.000000] x86/PAT: Configuration [0-7]: WB  WT  UC- UC  WB  WT  UC- UC  
[    0.000000] found SMP MP-table at [mem 0x0009fff0-0x0009ffff]
[    0.000000] Scanning 1 areas for low memory corruption
[    0.000000] RAMDISK: [mem 0x35967000-0x36caafff]
[    0.000000] ACPI: Early table checksum verification disabled
[    0.000000] ACPI: RSDP 0x00000000000E0000 000024 (v02 VBOX  )
[    0.000000] ACPI: XSDT 0x000000003FFF0030 00003C (v01 VBOX   VBOXXSDT 00000001 ASL  00000061)
[    0.000000] ACPI: FACP 0x000000003FFF00F0 0000F4 (v04 VBOX   VBOXFACP 00000001 ASL  00000061)
[    0.000000] ACPI: DSDT 0x000000003FFF0470 0022EA (v02 VBOX   VBOXBIOS 00000002 INTL 20100528)
[    0.000000] ACPI: FACS 0x000000003FFF0200 000040
[    0.000000] ACPI: FACS 0x000000003FFF0200 000040
[    0.000000] ACPI: APIC 0x000000003FFF0240 00005C (v02 VBOX   VBOXAPIC 00000001 ASL  00000061)
[    0.000000] ACPI: SSDT 0x000000003FFF02A0 0001CC (v01 VBOX   VBOXCPUT 00000002 INTL 20100528)
[    0.000000] No NUMA configuration found
[    0.000000] Faking a node at [mem 0x0000000000000000-0x000000003ffeffff]
[    0.000000] NODE_DATA(0) allocated [mem 0x3ffc5000-0x3ffeffff]
[    0.000000] kvm-clock: cpu 0, msr 0:3ff44001, primary cpu clock
[    0.000000] kvm-clock: Using msrs 4b564d01 and 4b564d00
[    0.000000] kvm-clock: using sched offset of 4192760919 cycles
[    0.000000] clocksource: kvm-clock: mask: 0xffffffffffffffff max_cycles: 0x1cd42e4dffb, max_idle_ns: 881590591483 ns
[    0.000000] Zone ranges:
[    0.000000]   DMA      [mem 0x0000000000001000-0x0000000000ffffff]
[    0.000000]   DMA32    [mem 0x0000000001000000-0x000000003ffeffff]
[    0.000000]   Normal   empty
[    0.000000]   Device   empty
[    0.000000] Movable zone start for each node
[    0.000000] Early memory node ranges
[    0.000000]   node   0: [mem 0x0000000000001000-0x000000000009efff]
[    0.000000]   node   0: [mem 0x0000000000100000-0x000000003ffeffff]
[    0.000000] Reserved but unavailable: 98 pages
[    0.000000] Initmem setup node 0 [mem 0x0000000000001000-0x000000003ffeffff]
[    0.000000] ACPI: PM-Timer IO Port: 0x4008
[    0.000000] IOAPIC[0]: apic_id 2, version 32, address 0xfec00000, GSI 0-23
[    0.000000] ACPI: INT_SRC_OVR (bus 0 bus_irq 0 global_irq 2 dfl dfl)
[    0.000000] ACPI: INT_SRC_OVR (bus 0 bus_irq 9 global_irq 9 low level)
[    0.000000] Using ACPI (MADT) for SMP configuration information
[    0.000000] smpboot: Allowing 2 CPUs, 0 hotplug CPUs
[    0.000000] PM: Registered nosave memory: [mem 0x00000000-0x00000fff]
[    0.000000] PM: Registered nosave memory: [mem 0x0009f000-0x0009ffff]
[    0.000000] PM: Registered nosave memory: [mem 0x000a0000-0x000effff]
[    0.000000] PM: Registered nosave memory: [mem 0x000f0000-0x000fffff]
[    0.000000] e820: [mem 0x40000000-0xfebfffff] available for PCI devices
[    0.000000] Booting paravirtualized kernel on KVM
[    0.000000] clocksource: refined-jiffies: mask: 0xffffffff max_cycles: 0xffffffff, max_idle_ns: 7645519600211568 ns
[    0.000000] random: get_random_bytes called from start_kernel+0x99/0x4fd with crng_init=0
[    0.000000] setup_percpu: NR_CPUS:8192 nr_cpumask_bits:2 nr_cpu_ids:2 nr_node_ids:1
[    0.000000] percpu: Embedded 45 pages/cpu s147456 r8192 d28672 u1048576
[    0.000000] PV qspinlock hash table entries: 256 (order: 0, 4096 bytes)
[    0.000000] Built 1 zonelists, mobility grouping on.  Total pages: 257913
[    0.000000] Policy zone: DMA32
[    0.000000] Kernel command line: BOOT_IMAGE=/boot/vmlinuz-4.15.0-76-generic root=UUID=3908abf1-f4fb-47fa-ac39-df5c026ef103 ro console=tty1 console=ttyS0
[    0.000000] Memory: 982552K/1048120K available (12300K kernel code, 2481K rwdata, 4260K rodata, 2428K init, 2704K bss, 65568K reserved, 0K cma-reserved)
[    0.000000] SLUB: HWalign=64, Order=0-3, MinObjects=0, CPUs=2, Nodes=1
[    0.000000] Kernel/User page tables isolation: enabled
[    0.000000] ftrace: allocating 39322 entries in 154 pages
[    0.004000] Hierarchical RCU implementation.
[    0.004000] 	RCU restricting CPUs from NR_CPUS=8192 to nr_cpu_ids=2.
[    0.004000] 	Tasks RCU enabled.
[    0.004000] RCU: Adjusting geometry for rcu_fanout_leaf=16, nr_cpu_ids=2
[    0.004000] NR_IRQS: 524544, nr_irqs: 440, preallocated irqs: 16
[    0.004000] Console: colour VGA+ 80x25
[    0.004000] console [tty1] enabled
[    0.004000] console [ttyS0] enabled
[    0.004000] ACPI: Core revision 20170831
[    0.004000] ACPI: 2 ACPI AML tables successfully acquired and loaded
[    0.004000] APIC: Switch to symmetric I/O mode setup
[    0.004000] x2apic enabled
[    0.004000] Switched APIC routing to physical x2apic.
[    0.005132] ..TIMER: vector=0x30 apic1=0 pin1=2 apic2=-1 pin2=-1
[    0.008002] tsc: Detected 1608.000 MHz processor
[    0.012013] Calibrating delay loop (skipped) preset value.. 3216.00 BogoMIPS (lpj=6432000)
[    0.014738] pid_max: default: 32768 minimum: 301
[    0.016059] Security Framework initialized
[    0.017624] Yama: becoming mindful.
[    0.020050] AppArmor: AppArmor initialized
[    0.022775] Dentry cache hash table entries: 131072 (order: 8, 1048576 bytes)
[    0.024073] Inode-cache hash table entries: 65536 (order: 7, 524288 bytes)
[    0.028016] Mount-cache hash table entries: 2048 (order: 2, 16384 bytes)
[    0.029552] Mountpoint-cache hash table entries: 2048 (order: 2, 16384 bytes)
[    0.032295] Last level iTLB entries: 4KB 64, 2MB 8, 4MB 8
[    0.034518] Last level dTLB entries: 4KB 64, 2MB 0, 4MB 0, 1GB 4
[    0.036007] Spectre V1 : Mitigation: usercopy/swapgs barriers and __user pointer sanitization
[    0.038316] Spectre V2 : Mitigation: Full generic retpoline
[    0.040004] Spectre V2 : Spectre v2 / SpectreRSB mitigation: Filling RSB on context switch
[    0.041790] Speculative Store Bypass: Vulnerable
[    0.044050] MDS: Mitigation: Clear CPU buffers
[    0.045298] Freeing SMP alternatives memory: 36K
[    0.158258] smpboot: CPU0: Intel(R) Core(TM) i5-8210Y CPU @ 1.60GHz (family: 0x6, model: 0x8e, stepping: 0x9)
[    0.160210] Performance Events: unsupported p6 CPU model 142 no PMU driver, software events only.
[    0.164101] Hierarchical SRCU implementation.
[    0.168177] NMI watchdog: Perf event create on CPU 0 failed with -2
[    0.172028] NMI watchdog: Perf NMI watchdog permanently disabled
[    0.176392] smp: Bringing up secondary CPUs ...
[    0.180214] x86: Booting SMP configuration:
[    0.184038] .... node  #0, CPUs:      #1
[    0.004000] kvm-clock: cpu 1, msr 0:3ff44041, secondary cpu clock
[    0.194611] smp: Brought up 1 node, 2 CPUs
[    0.196057] smpboot: Max logical packages: 1
[    0.198366] smpboot: Total of 2 processors activated (6432.00 BogoMIPS)
[    0.204297] devtmpfs: initialized
[    0.205959] x86/mm: Memory block size: 128MB
[    0.208252] evm: security.selinux
[    0.209392] evm: security.SMACK64
[    0.212014] evm: security.SMACK64EXEC
[    0.213340] evm: security.SMACK64TRANSMUTE
[    0.214879] evm: security.SMACK64MMAP
[    0.216011] evm: security.apparmor
[    0.217245] evm: security.ima
[    0.218826] evm: security.capability
[    0.220135] clocksource: jiffies: mask: 0xffffffff max_cycles: 0xffffffff, max_idle_ns: 7645041785100000 ns
[    0.224033] futex hash table entries: 512 (order: 3, 32768 bytes)
[    0.230019] pinctrl core: initialized pinctrl subsystem
[    0.232178] RTC time:  2:11:36, date: 02/08/20
[    0.234206] NET: Registered protocol family 16
[    0.236146] audit: initializing netlink subsys (disabled)
[    0.240080] audit: type=2000 audit(1581127902.088:1): state=initialized audit_enabled=0 res=1
[    0.244016] cpuidle: using governor ladder
[    0.246799] cpuidle: using governor menu
[    0.248125] ACPI: bus type PCI registered
[    0.252009] acpiphp: ACPI Hot Plug PCI Controller Driver version: 0.5
[    0.256331] PCI: Using configuration type 1 for base access
[    0.261821] HugeTLB registered 2.00 MiB page size, pre-allocated 0 pages
[    0.264108] ACPI: Added _OSI(Module Device)
[    0.268008] ACPI: Added _OSI(Processor Device)
[    0.269798] ACPI: Added _OSI(3.0 _SCP Extensions)
[    0.272008] ACPI: Added _OSI(Processor Aggregator Device)
[    0.274732] ACPI: Added _OSI(Linux-Dell-Video)
[    0.276026] ACPI: Added _OSI(Linux-Lenovo-NV-HDMI-Audio)
[    0.278239] ACPI: Added _OSI(Linux-HPI-Hybrid-Graphics)
[    0.280803] ACPI: Executed 1 blocks of module-level executable AML code
[    0.291455] ACPI: Interpreter enabled
[    0.292035] ACPI: (supports S0 S5)
[    0.293360] ACPI: Using IOAPIC for interrupt routing
[    0.296475] PCI: Using host bridge windows from ACPI; if necessary, use "pci=nocrs" and report a bug
[    0.300283] ACPI: Enabled 2 GPEs in block 00 to 07
[    0.319617] ACPI: PCI Root Bridge [PCI0] (domain 0000 [bus 00-ff])
[    0.320019] acpi PNP0A03:00: _OSC: OS supports [ASPM ClockPM Segments MSI]
[    0.325090] acpi PNP0A03:00: _OSC: not requesting OS control; OS requires [ExtendedConfig ASPM ClockPM MSI]
[    0.328027] acpi PNP0A03:00: fail to add MMCONFIG information, can't access extended PCI configuration space under this bridge.
[    0.332504] PCI host bridge to bus 0000:00
[    0.333644] pci_bus 0000:00: root bus resource [io  0x0000-0x0cf7 window]
[    0.336011] pci_bus 0000:00: root bus resource [io  0x0d00-0xffff window]
[    0.340019] pci_bus 0000:00: root bus resource [mem 0x000a0000-0x000bffff window]
[    0.344012] pci_bus 0000:00: root bus resource [mem 0x40000000-0xfdffffff window]
[    0.348012] pci_bus 0000:00: root bus resource [bus 00-ff]
[    0.354283] pci 0000:00:01.1: legacy IDE quirk: reg 0x10: [io  0x01f0-0x01f7]
[    0.356014] pci 0000:00:01.1: legacy IDE quirk: reg 0x14: [io  0x03f6]
[    0.360011] pci 0000:00:01.1: legacy IDE quirk: reg 0x18: [io  0x0170-0x0177]
[    0.363595] pci 0000:00:01.1: legacy IDE quirk: reg 0x1c: [io  0x0376]
[    0.396013] pci 0000:00:07.0: quirk: [io  0x4000-0x403f] claimed by PIIX4 ACPI
[    0.399300] pci 0000:00:07.0: quirk: [io  0x4100-0x410f] claimed by PIIX4 SMB
[    0.426365] ACPI: PCI Interrupt Link [LNKA] (IRQs 5 9 10 *11)
[    0.429153] ACPI: PCI Interrupt Link [LNKB] (IRQs 5 9 *10 11)
[    0.432274] ACPI: PCI Interrupt Link [LNKC] (IRQs 5 *9 10 11)
[    0.435151] ACPI: PCI Interrupt Link [LNKD] (IRQs 5 9 10 *11)
[    0.440303] SCSI subsystem initialized
[    0.444125] pci 0000:00:02.0: vgaarb: setting as boot VGA device
[    0.446426] pci 0000:00:02.0: vgaarb: VGA device added: decodes=io+mem,owns=io+mem,locks=none
[    0.448013] pci 0000:00:02.0: vgaarb: bridge control possible
[    0.452009] vgaarb: loaded
[    0.453976] ACPI: bus type USB registered
[    0.456194] usbcore: registered new interface driver usbfs
[    0.460047] usbcore: registered new interface driver hub
[    0.463019] usbcore: registered new device driver usb
[    0.464119] EDAC MC: Ver: 3.0.0
[    0.468620] PCI: Using ACPI for IRQ routing
[    0.473737] NetLabel: Initializing
[    0.476009] NetLabel:  domain hash size = 128
[    0.480007] NetLabel:  protocols = UNLABELED CIPSOv4 CALIPSO
[    0.484085] NetLabel:  unlabeled traffic allowed by default
[    0.488897] clocksource: Switched to clocksource kvm-clock
[    0.511110] VFS: Disk quotas dquot_6.6.0
[    0.512511] VFS: Dquot-cache hash table entries: 512 (order 0, 4096 bytes)
[    0.514787] AppArmor: AppArmor Filesystem Enabled
[    0.516986] pnp: PnP ACPI init
[    0.520659] pnp: PnP ACPI: found 3 devices
[    0.540151] clocksource: acpi_pm: mask: 0xffffff max_cycles: 0xffffff, max_idle_ns: 2085701024 ns
[    0.543745] NET: Registered protocol family 2
[    0.549770] TCP established hash table entries: 8192 (order: 4, 65536 bytes)
[    0.557214] TCP bind hash table entries: 8192 (order: 5, 131072 bytes)
[    0.559476] TCP: Hash tables configured (established 8192 bind 8192)
[    0.561112] UDP hash table entries: 512 (order: 2, 16384 bytes)
[    0.563928] UDP-Lite hash table entries: 512 (order: 2, 16384 bytes)
[    0.567252] NET: Registered protocol family 1
[    0.568698] pci 0000:00:00.0: Limiting direct PCI/PCI transfers
[    0.570186] pci 0000:00:01.0: Activating ISA DMA hang workarounds
[    0.571800] pci 0000:00:02.0: Video device with shadowed ROM at [mem 0x000c0000-0x000dffff]
[    0.578649] Unpacking initramfs...
[    0.937651] Freeing initrd memory: 19728K
[    0.939234] clocksource: tsc: mask: 0xffffffffffffffff max_cycles: 0x172daa3a18b, max_idle_ns: 440795212390 ns
[    0.942363] platform rtc_cmos: registered platform RTC device (no PNP device found)
[    0.944683] Scanning for low memory corruption every 60 seconds
[    0.946800] Initialise system trusted keyrings
[    0.947767] Key type blacklist registered
[    0.948851] workingset: timestamp_bits=36 max_order=18 bucket_order=0
[    0.951402] zbud: loaded
[    0.952787] squashfs: version 4.0 (2009/01/31) Phillip Lougher
[    0.954222] fuse init (API version 7.26)
[    0.957662] Key type asymmetric registered
[    0.958558] Asymmetric key parser 'x509' registered
[    0.960344] Block layer SCSI generic (bsg) driver version 0.4 loaded (major 246)
[    0.962751] io scheduler noop registered
[    0.963589] io scheduler deadline registered
[    0.964604] io scheduler cfq registered (default)
[    0.966195] ACPI: AC Adapter [AC] (off-line)
[    0.967762] input: Power Button as /devices/LNXSYSTM:00/LNXPWRBN:00/input/input0
[    0.970161] ACPI: Power Button [PWRF]
[    0.971040] input: Sleep Button as /devices/LNXSYSTM:00/LNXSLPBN:00/input/input1
[    0.973069] ACPI: Sleep Button [SLPF]
[    0.977033] ACPI: Battery Slot [BAT0] (battery present)
[    0.978755] Serial: 8250/16550 driver, 32 ports, IRQ sharing enabled
[    1.002835] 00:02: ttyS0 at I/O 0x3f8 (irq = 4, base_baud = 115200) is a 16550A
[    1.012825] Linux agpgart interface v0.103
[    1.017795] loop: module loaded
[    1.019367] scsi host0: ata_piix
[    1.020649] scsi host1: ata_piix
[    1.021376] ata1: PATA max UDMA/33 cmd 0x1f0 ctl 0x3f6 bmdma 0xd000 irq 14
[    1.023049] ata2: PATA max UDMA/33 cmd 0x170 ctl 0x376 bmdma 0xd008 irq 15
[    1.025766] libphy: Fixed MDIO Bus: probed
[    1.026649] tun: Universal TUN/TAP device driver, 1.6
[    1.027803] PPP generic driver version 2.4.2
[    1.029043] ehci_hcd: USB 2.0 'Enhanced' Host Controller (EHCI) Driver
[    1.030939] ehci-pci: EHCI PCI platform driver
[    1.031964] ehci-platform: EHCI generic platform driver
[    1.034138] ohci_hcd: USB 1.1 'Open' Host Controller (OHCI) Driver
[    1.036470] ohci-pci: OHCI PCI platform driver
[    1.037420] ohci-platform: OHCI generic platform driver
[    1.038500] uhci_hcd: USB Universal Host Controller Interface driver
[    1.040324] i8042: PNP: PS/2 Controller [PNP0303:PS2K,PNP0f03:PS2M] at 0x60,0x64 irq 1,12
[    1.043488] serio: i8042 KBD port at 0x60,0x64 irq 1
[    1.045280] serio: i8042 AUX port at 0x60,0x64 irq 12
[    1.046673] mousedev: PS/2 mouse device common for all mice
[    1.048517] input: AT Translated Set 2 keyboard as /devices/platform/i8042/serio0/input/input2
[    1.051596] rtc_cmos rtc_cmos: rtc core: registered rtc_cmos as rtc0
[    1.053485] rtc_cmos rtc_cmos: alarms up to one day, 114 bytes nvram
[    1.054872] i2c /dev entries driver
[    1.056178] device-mapper: uevent: version 1.0.3
[    1.057858] device-mapper: ioctl: 4.37.0-ioctl (2017-09-20) initialised: dm-devel@redhat.com
[    1.059904] ledtrig-cpu: registered to indicate activity on CPUs
[    1.061748] NET: Registered protocol family 10
[    1.067319] Segment Routing with IPv6
[    1.068759] NET: Registered protocol family 17
[    1.069917] Key type dns_resolver registered
[    1.071398] mce: Using 0 MCE banks
[    1.072156] RAS: Correctable Errors collector initialized.
[    1.073559] sched_clock: Marking stable (1072139327, 0)->(1407788367, -335649040)
[    1.076460] registered taskstats version 1
[    1.077373] Loading compiled-in X.509 certificates
[    1.080927] Loaded X.509 cert 'Build time autogenerated kernel key: 665cd2b89e03521f57c41865f552ebce30a0c7fb'
[    1.084691] zswap: loaded using pool lzo/zbud
[    1.089642] Key type big_key registered
[    1.091165] Key type trusted registered
[    1.094470] Key type encrypted registered
[    1.095966] AppArmor: AppArmor sha1 policy hashing enabled
[    1.097272] ima: No TPM chip found, activating TPM-bypass! (rc=-19)
[    1.099195] ima: Allocated hash algorithm: sha1
[    1.100877] evm: HMAC attrs: 0x1
[    1.102176]   Magic number: 8:400:156
[    1.103339] rtc_cmos rtc_cmos: setting system clock to 2020-02-08 02:11:37 UTC (1581127897)
[    1.106673] BIOS EDD facility v0.16 2004-Jun-25, 0 devices found
[    1.108669] EDD information not available.
[    1.188069] Freeing unused kernel image memory: 2428K
[    1.214565] Write protecting the kernel read-only data: 20480k
[    1.221763] Freeing unused kernel image memory: 2008K
[    1.223620] Freeing unused kernel image memory: 1884K
[    1.243905] x86/mm: Checked W+X mappings: passed, no W+X pages found.
[    1.250067] x86/mm: Checking user space page tables
[    1.299318] x86/mm: Checked W+X mappings: passed, no W+X pages found.
Loading, please wait...
starting version 237
[    1.397344] e1000: Intel(R) PRO/1000 Network Driver - version 7.3.21-k8-NAPI
[    1.399568] e1000: Copyright (c) 1999-2006 Intel Corporation.
[    1.402671] Fusion MPT base driver 3.04.20
[    1.404035] Copyright (c) 1999-2008 LSI Corporation
[    1.425419] AVX2 version of gcm_enc/dec engaged.
[    1.426874] AES CTR mode by8 optimization enabled
[    1.434227] Fusion MPT SPI Host driver 3.04.20
[    1.619489] input: ImExPS/2 Generic Explorer Mouse as /devices/platform/i8042/serio1/input/input4
[    1.849579] e1000 0000:00:03.0 eth0: (PCI:33MHz:32-bit) 02:57:a3:c3:eb:b7
[    1.852206] e1000 0000:00:03.0 eth0: Intel(R) PRO/1000 Network Connection
[    1.855197] mptbase: ioc0: Initiating bringup
[    1.952907] ioc0: LSI53C1030 A0: Capabilities={Initiator}
[    2.196172] scsi host2: ioc0: LSI53C1030 A0, FwRev=00000000h, Ports=1, MaxQ=256, IRQ=20
[    2.364925] scsi 2:0:0:0: Direct-Access     VBOX     HARDDISK         1.0  PQ: 0 ANSI: 5
[    2.412147] scsi target2:0:0: Beginning Domain Validation
[    2.417042] scsi target2:0:0: Domain Validation skipping write tests
[    2.420686] scsi target2:0:0: Ending Domain Validation
[    2.423110] scsi target2:0:0: asynchronous
[    2.426021] scsi 2:0:1:0: Direct-Access     VBOX     HARDDISK         1.0  PQ: 0 ANSI: 5
[    2.744036] scsi target2:0:1: Beginning Domain Validation
[    2.748601] random: fast init done
[    2.750682] scsi target2:0:1: Domain Validation skipping write tests
[    2.752171] scsi target2:0:1: Ending Domain Validation
[    2.753783] scsi target2:0:1: asynchronous
[    2.759791] random: systemd-udevd: uninitialized urandom read (16 bytes read)
[    2.759874] sd 2:0:0:0: Attached scsi generic sg0 type 0
[    2.762568] random: systemd-udevd: uninitialized urandom read (16 bytes read)
[    2.764623] sd 2:0:1:0: Attached scsi generic sg1 type 0
[    2.766139] random: systemd-udevd: uninitialized urandom read (16 bytes read)
[    2.769685] sd 2:0:0:0: [sda] 20971520 512-byte logical blocks: (10.7 GB/10.0 GiB)
[    2.772098] sd 2:0:0:0: [sda] Write Protect is off
[    2.773271] sd 2:0:1:0: [sdb] 20480 512-byte logical blocks: (10.5 MB/10.0 MiB)
[    2.775036] sd 2:0:1:0: [sdb] Write Protect is off
[    2.776507] sd 2:0:0:0: [sda] Incomplete mode parameter data
[    2.777802] sd 2:0:0:0: [sda] Assuming drive cache: write through
[    2.780116] sd 2:0:1:0: [sdb] Incomplete mode parameter data
[    2.781753] sd 2:0:1:0: [sdb] Assuming drive cache: write through
[    2.788032] e1000 0000:00:08.0 eth1: (PCI:33MHz:32-bit) 08:00:27:63:a3:25
[    2.790492] e1000 0000:00:08.0 eth1: Intel(R) PRO/1000 Network Connection
[    2.790572]  sda: sda1
[    2.793847] sd 2:0:0:0: [sda] Attached SCSI disk
[    2.794343] e1000 0000:00:03.0 enp0s3: renamed from eth0
[    2.797654] sd 2:0:1:0: [sdb] Attached SCSI disk
[    2.822497] e1000 0000:00:08.0 enp0s8: renamed from eth1
Begin: Loading essential drivers ... [    4.308581] raid6: sse2x1   gen()  6951 MB/s
[    4.356047] raid6: sse2x1   xor()  5448 MB/s
[    4.404353] raid6: sse2x2   gen()  9091 MB/s
[    4.452341] raid6: sse2x2   xor()  7542 MB/s
[    4.500193] raid6: sse2x4   gen() 14168 MB/s
[    4.548236] raid6: sse2x4   xor()  8993 MB/s
[    4.596134] raid6: avx2x1   gen() 18074 MB/s
[    4.644097] raid6: avx2x1   xor()  6134 MB/s
[    4.692025] raid6: avx2x2   gen() 18505 MB/s
[    4.740565] raid6: avx2x2   xor() 12964 MB/s
[    4.788494] raid6: avx2x4   gen() 22028 MB/s
[    4.836106] raid6: avx2x4   xor() 11936 MB/s
[    4.837607] raid6: using algorithm avx2x4 gen() 22028 MB/s
[    4.840135] raid6: .... xor() 11936 MB/s, rmw enabled
[    4.842088] raid6: using avx2x2 recovery algorithm
[    4.845500] xor: automatically using best checksumming function   avx       
[    4.849071] async_tx: api initialized (async)
done.
Begin: Running /scripts/init-premount ... done.
Begin: Mounting root file system ... Begin: Running /scripts/local-top ... done.
Begin: Running /scripts/local-premount ... [    4.906814] Btrfs loaded, crc32c=crc32c-intel
Scanning for Btrfs filesystems
done.
Warning: fsck not present, so skipping root file system
[    4.946573] EXT4-fs (sda1): INFO: recovery required on readonly filesystem
[    4.948490] EXT4-fs (sda1): write access will be enabled during recovery
[    5.014576] EXT4-fs (sda1): recovery complete
[    5.016726] EXT4-fs (sda1): mounted filesystem with ordered data mode. Opts: (null)
done.
Begin: Running /scripts/local-bottom ... done.
Begin: Running /scripts/init-bottom ... done.
[    5.273348] ip_tables: (C) 2000-2006 Netfilter Core Team
[    5.293849] systemd[1]: systemd 237 running in system mode. (+PAM +AUDIT +SELINUX +IMA +APPARMOR +SMACK +SYSVINIT +UTMP +LIBCRYPTSETUP +GCRYPT +GNUTLS +ACL +XZ +LZ4 +SECCOMP +BLKID +ELFUTILS +KMOD -IDN2 +IDN -PCRE2 default-hierarchy=hybrid)
[    5.301059] systemd[1]: Detected virtualization oracle.
[    5.302839] systemd[1]: Detected architecture x86-64.

Welcome to [1mUbuntu 18.04.3 LTS[0m!

[    5.325630] systemd[1]: Set hostname to <ubuntu-bionic>.
[    5.707187] systemd[1]: Set up automount Arbitrary Executable File Formats File System Automount Point.
[[0;32m  OK  [0m] Set up automount Arbitrary Executabâ€¦rmats File System Automount Point.
[    5.718230] systemd[1]: Created slice System Slice.
[[0;32m  OK  [0m] Created slice System Slice.
[    5.724927] systemd[1]: Listening on /dev/initctl Compatibility Named Pipe.
[[0;32m  OK  [0m] Listening on /dev/initctl Compatibility Named Pipe.
[    5.730242] systemd[1]: Listening on Device-mapper event daemon FIFOs.
[[0;32m  OK  [0m] Listening on Device-mapper event daemon FIFOs.
[    5.737041] systemd[1]: Created slice system-serial\x2dgetty.slice.
[[0;32m  OK  [0m] Created slice system-serial\x2dgetty.slice.
[    5.744299] systemd[1]: Listening on Journal Audit Socket.
[[0;32m  OK  [0m] Listening on Journal Audit Socket.
[[0;32m  OK  [0m] Listening on udev Control Socket.
[[0;32m  OK  [0m] Created slice User and Session Slice.
[[0;32m  OK  [0m] Reached target Slices.
[[0;32m  OK  [0m] Listening on Syslog Socket.
[[0;32m  OK  [0m] Listening on Journal Socket.
         Mounting Huge Pages File System...
         Starting Set the console keyboard layout...
         Starting Load Kernel Modules...
         Mounting Kernel Debug File System...
[    5.920691] Loading iSCSI transport class v2.0-870.
         Mounting POSIX Message Queue File System...
[[0;32m  OK  [0m] Listening on Journal Socket (/dev/log).
         Starting Journal Service...
[    5.954000] iscsi: registered transport (tcp)
[[0;32m  OK  [0m] Reached target Swap.
[[0;32m  OK  [0m] Started Forward Password Requests to Wall Directory Watch.
[[0;32m  OK  [0m] Listening on LVM2 metadata daemon socket.
         Starting Monitoring of LVM2 mirrorsâ€¦ng dmeventd or progress polling...
[[0;32m  OK  [0m] Listening on udev Kernel Socket.
[[0;32m  OK  [0m] Listening on LVM2 poll daemon socket.
[[0;32m  OK  [0m] Reached target System Time Synchronized.
         Starting udev Coldplug all Devices...
[[0;32m  OK  [0m] Listening on Network Service Netlink Socket.
         Starting Remount Root and Kernel File Systems...
         Starting Uncomplicated firewall...
[[0;32m  OK  [0m] Reached target User and Group Name Lookups.
         Starting Create list of required stâ€¦ce nodes for the current kernel...
[[0;32m  OK  [0m] Mounted Huge Pages File System.
[[0;32m  OK  [0m] Mounted Kernel Debug File System.
[[0;32m  OK  [0m] Mounted POSIX Message Queue File System.
[[0;32m  OK  [0m] Started LVM2 metadata daemon.
[[0;32m  OK  [0m] Started Create list of required staâ€¦vice nodes for the current kernel.
[[0;32m  OK  [0m] Started Uncomplicated firewall.
         Starting Create Static Device Nodes in /dev...
[[0;32m  OK  [0m] Started udev Coldplug all Devices.
[    6.135055] iscsi: registered transport (iser)
[[0;32m  OK  [0m] Started Journal Service.
[[0;32m  OK  [0m] Started Load Kernel Modules.
[    6.141006] EXT4-fs (sda1): re-mounted. Opts: (null)
[[0;32m  OK  [0m] Started Remount Root and Kernel File Systems.
         Starting Load/Save Random Seed...
         Mounting FUSE Control File System...
         Mounting Kernel Configuration File System...
         Starting Apply Kernel Variables...
         Starting Flush Journal to Persistent Storage...
[[0;32m  OK  [0m] Started Set the console keyboard layout.
[[0;32m  OK  [0m] Started Monitoring of LVM2 mirrors,â€¦sing dmeventd or progress polling.
[[0;32m  OK  [0m] Started Create Static Device Nodes in /dev.
[[0;32m  OK  [0m] Started Load/Save Random Seed.
[[0;32m  OK  [0m] Mounted FUSE Control File System.
[[0;32m  OK  [0m] Mounted Kernel Configuration File System.
[[0;32m  OK  [0m] Started Apply Kernel Variables.
         Starting udev Kernel Device Manager...
[[0;32m  OK  [0m] Reached target Local File Systems (Pre).
[[0;32m  OK  [0m] Reached target Local File Systems.
         Starting AppArmor initialization...
         Starting Tell Plymouth To Write Out Runtime Data...
         Starting Set console font and keymap...
         Starting ebtables ruleset management...
[[0;32m  OK  [0m] Started udev Kernel Device Manager.
[[0;32m  OK  [0m] Started Dispatch Password Requests to Console Directory Watch.
[[0;32m  OK  [0m] Reached target Local Encrypted Volumes.
[[0;32m  OK  [0m] Started Tell Plymouth To Write Out Runtime Data.
[[0;32m  OK  [0m] Started Set console font and keymap.
[[0;32m  OK  [0m] Started ebtables ruleset management.
[[0;32m  OK  [0m] Started Flush Journal to Persistent Storage.
         Starting Create Volatile Files and Directories...
[[0;32m  OK  [0m] Started Create Volatile Files and Directories.
         Starting Update UTMP about System Boot/Shutdown...
[[0;32m  OK  [0m] Started Update UTMP about System Boot/Shutdown.
[[0;32m  OK  [0m] Found device /dev/ttyS0.
[[0;32m  OK  [0m] Started AppArmor initialization.
         Starting Initial cloud-init job (pre-networking)...
[[0;32m  OK  [0m] Listening on Load/Save RF Kill Switch Status /dev/rfkill Watch.
[    8.697065] cloud-init[519]: Cloud-init v. 19.3-41-gc4735dd3-0ubuntu1~18.04.1 running 'init-local' at Sat, 08 Feb 2020 02:11:44 +0000. Up 8.38 seconds.
[[0;32m  OK  [0m] Started Initial cloud-init job (pre-networking).
[[0;32m  OK  [0m] Reached target Network (Pre).
         Starting Network Service...
[[0;32m  OK  [0m] Started Network Service.
         Starting Wait for Network to be Configured...
         Starting Network Name Resolution...
[[0;32m  OK  [0m] Started Network Name Resolution.
[[0;32m  OK  [0m] Reached target Network.
[[0;32m  OK  [0m] Reached target Host and Network Name Lookups.
[[0;32m  OK  [0m] Started Wait for Network to be Configured.
         Starting Initial cloud-init job (metadata service crawler)...
[   11.034440] cloud-init[694]: Cloud-init v. 19.3-41-gc4735dd3-0ubuntu1~18.04.1 running 'init' at Sat, 08 Feb 2020 02:11:47 +0000. Up 10.87 seconds.
[   11.037859] cloud-init[694]: ci-info: ++++++++++++++++++++++++++++++++++++++Net device info+++++++++++++++++++++++++++++++++++++++
[   11.040318] cloud-init[694]: ci-info: +--------+------+-----------------------------+---------------+--------+-------------------+
[   11.042716] cloud-init[694]: ci-info: | Device |  Up  |           Address           |      Mask     | Scope  |     Hw-Address    |
[   11.044924] cloud-init[694]: ci-info: +--------+------+-----------------------------+---------------+--------+-------------------+
[   11.047342] cloud-init[694]: ci-info: | enp0s3 | True |          10.0.2.15          | 255.255.255.0 | global | 02:57:a3:c3:eb:b7 |
[   11.050216] cloud-init[694]: ci-info: | enp0s3 | True |  fe80::57:a3ff:fec3:ebb7/64 |       .       |  link  | 02:57:a3:c3:eb:b7 |
[   11.052223] cloud-init[694]: ci-info: | enp0s8 | True |        192.168.33.10        | 255.255.255.0 | global | 08:00:27:63:a3:25 |
[   11.054138] cloud-init[694]: ci-info: | enp0s8 | True | fe80::a00:27ff:fe63:a325/64 |       .       |  link  | 08:00:27:63:a3:25 |
[   11.068347] cloud-init[694]: ci-info: |   lo   | True |          127.0.0.1          |   255.0.0.0   |  host  |         .         |
[   11.070663] cloud-init[694]: ci-info: |   lo   | True |           ::1/128           |       .       |  host  |         .         |
[   11.084377] cloud-init[694]: ci-info: +--------+------+-----------------------------+---------------+--------+-------------------+
[   11.087016] cloud-init[694]: ci-info: +++++++++++++++++++++++++++++Route IPv4 info+++++++++++++++++++++++++++++
[   11.089544] cloud-init[694]: ci-info: +-------+--------------+----------+-----------------+-----------+-------+
[   11.091735] cloud-init[694]: ci-info: | Route | Destination  | Gateway  |     Genmask     | Interface | Flags |
[   11.095455] cloud-init[694]: ci-info: +-------+--------------+----------+-----------------+-----------+-------+
[   11.097549] cloud-init[694]: ci-info: |   0   |   0.0.0.0    | 10.0.2.2 |     0.0.0.0     |   enp0s3  |   UG  |
[   11.099224] cloud-init[694]: ci-info: |   1   |   10.0.2.0   | 0.0.0.0  |  255.255.255.0  |   enp0s3  |   U   |
[   11.100803] cloud-init[694]: ci-info: |   2   |   10.0.2.2   | 0.0.0.0  | 255.255.255.255 |   enp0s3  |   UH  |
[   11.102149] cloud-init[694]: ci-info: |   3   | 192.168.33.0 | 0.0.0.0  |  255.255.255.0  |   enp0s8  |   U   |
[   11.103607] cloud-init[694]: ci-info: +-------+--------------+----------+-----------------+-----------+-------+
[   11.105913] cloud-init[694]: ci-info: +++++++++++++++++++Route IPv6 info+++++++++++++++++++
[   11.108296] cloud-init[694]: ci-info: +-------+-------------+---------+-----------+-------+
[   11.110295] cloud-init[694]: ci-info: | Route | Destination | Gateway | Interface | Flags |
[   11.124672] cloud-init[694]: ci-info: +-------+-------------+---------+-----------+-------+
[   11.136756] cloud-init[694]: ci-info: |   1   |  fe80::/64  |    ::   |   enp0s8  |   U   |
[   11.139499] cloud-init[694]: ci-info: |   2   |  fe80::/64  |    ::   |   enp0s3  |   U   |
[   11.152430] cloud-init[694]: ci-info: |   4   |    local    |    ::   |   enp0s3  |   U   |
[   11.155334] cloud-init[694]: ci-info: |   5   |    local    |    ::   |   enp0s8  |   U   |
[   11.157507] cloud-init[694]: ci-info: |   6   |   ff00::/8  |    ::   |   enp0s8  |   U   |
[   11.159672] cloud-init[694]: ci-info: |   7   |   ff00::/8  |    ::   |   enp0s3  |   U   |
[   11.162521] cloud-init[694]: ci-info: +-------+-------------+---------+-----------+-------+
[[0;32m  OK  [0m] Started Initial cloud-init job (metadata service crawler).
[[0;32m  OK  [0m] Reached target Network is Online.
         Starting Availability of block devices...
[[0;32m  OK  [0m] Reached target Remote File Systems (Pre).
[[0;32m  OK  [0m] Reached target Remote File Systems.
[[0;32m  OK  [0m] Reached target Cloud-config availability.
[[0;32m  OK  [0m] Reached target System Initialization.
[[0;32m  OK  [0m] Listening on Open-iSCSI iscsid Socket.
[[0;32m  OK  [0m] Started Daily apt download activities.
[[0;32m  OK  [0m] Started Daily apt upgrade and clean activities.
         Starting LXD - unix socket.
[[0;32m  OK  [0m] Started Daily Cleanup of Temporary Directories.
[[0;32m  OK  [0m] Listening on ACPID Listen Socket.
[[0;32m  OK  [0m] Listening on D-Bus System Message Bus Socket.
[[0;32m  OK  [0m] Listening on UUID daemon activation socket.
[[0;32m  OK  [0m] Started ACPI Events Check.
[[0;32m  OK  [0m] Reached target Paths.
[[0;32m  OK  [0m] Started Discard unused blocks once a week.
[[0;32m  OK  [0m] Started Message of the Day.
[[0;32m  OK  [0m] Reached target Timers.
         Starting Socket activation for snappy daemon.
[[0;32m  OK  [0m] Started Availability of block devices.
[[0;32m  OK  [0m] Listening on LXD - unix socket.
[[0;32m  OK  [0m] Listening on Socket activation for snappy daemon.
[[0;32m  OK  [0m] Reached target Sockets.
[[0;32m  OK  [0m] Reached target Basic System.
         Starting Permit User Sessions...
         Starting Dispatcher daemon for systemd-networkd...
         Starting Login Service...
[[0;32m  OK  [0m] Started irqbalance daemon.
         Starting System Logging Service...
         Starting vboxadd.service...
[[0;32m  OK  [0m] Started Deferred execution scheduler.
         Starting Accounts Service...
[[0;32m  OK  [0m] Started FUSE filesystem for LXC.
         Starting Snappy daemon...
[[0;32m  OK  [0m] Started D-Bus System Message Bus.
         Starting OpenBSD Secure Shell server...
         Starting LSB: automatic crash report generation...
         Starting LSB: Record successful boot for GRUB...
[[0;32m  OK  [0m] Started Regular background program processing daemon.
         Starting LXD - container startup/shutdown...
[[0;32m  OK  [0m] Started System Logging Service.
[[0;32m  OK  [0m] Started Permit User Sessions.
[[0;32m  OK  [0m] Started Login Service.
[[0;32m  OK  [0m] Started OpenBSD Secure Shell server.
[[0;32m  OK  [0m] Started Dispatcher daemon for systemd-networkd.
         Starting Authorization Manager...
[[0;32m  OK  [0m] Started Unattended Upgrades Shutdown.
         Starting Terminate Plymouth Boot Screen...
         Starting Hold until boot process finishes up...
[[0;32m  OK  [0m] Started Hold until boot process finishes up.
[[0;32m  OK  [0m] Started Serial Getty on ttyS0.
         Starting Set console scheme...
[[0;32m  OK  [0m] Started Terminate Plymouth Boot Screen.
[[0;32m  OK  [0m] Started Set console scheme.
[[0;32m  OK  [0m] Created slice system-getty.slice.
[[0;32m  OK  [0m] Started Getty on tty1.
[[0;32m  OK  [0m] Reached target Login Prompts.
[[0;32m  OK  [0m] Started LSB: Record successful boot for GRUB.
[[0;32m  OK  [0m] Started LSB: automatic crash report generation.
[[0;32m  OK  [0m] Started Authorization Manager.
[[0;32m  OK  [0m] Started Accounts Service.
[[0;32m  OK  [0m] Started LXD - container startup/shutdown.
[[0;32m  OK  [0m] Created slice User Slice of vagrant.
         Starting User Manager for UID 1000...
[[0;32m  OK  [0m] Started Snappy daemon.
         Starting Wait until snapd is fully seeded...
[[0;32m  OK  [0m] Started Session 1 of user vagrant.
[[0;32m  OK  [0m] Started Wait until snapd is fully seeded.
         Starting Apply the settings specified in cloud-config...
[[0;32m  OK  [0m] Started User Manager for UID 1000.
[   14.505636] cloud-init[1080]: Cloud-init v. 19.3-41-gc4735dd3-0ubuntu1~18.04.1 running 'modules:config' at Sat, 08 Feb 2020 02:11:50 +0000. Up 14.21 seconds.
[[0;32m  OK  [0m] Started Apply the settings specified in cloud-config.
[[0;32m  OK  [0m] Started vboxadd.service.
         Starting vboxadd-service.service...
[[0;32m  OK  [0m] Started vboxadd-service.service.
[[0;32m  OK  [0m] Reached target Multi-User System.
         Starting Execute cloud user/final scripts...
[[0;32m  OK  [0m] Reached target Graphical Interface.
         Starting Update UTMP about System Runlevel Changes...
[[0;32m  OK  [0m] Started Update UTMP about System Runlevel Changes.
[   16.204909] cloud-init[1233]: Cloud-init v. 19.3-41-gc4735dd3-0ubuntu1~18.04.1 running 'modules:final' at Sat, 08 Feb 2020 02:11:52 +0000. Up 15.93 seconds.
[   16.209718] cloud-init[1233]: Cloud-init v. 19.3-41-gc4735dd3-0ubuntu1~18.04.1 finished at Sat, 08 Feb 2020 02:11:52 +0000. Datasource DataSourceNoCloud [seed=/dev/sdb][dsmode=net].  Up 16.19 seconds
[[0;32m  OK  [0m] Started Execute cloud user/final scripts.
[[0;32m  OK  [0m] Reached target Cloud-init target.

Ubuntu 18.04.3 LTS ubuntu-bionic ttyS0

ubuntu-bionic login: 